
> robotic-bikes-website@0.0.0 build
> vite build

[36mvite v8.0.10 [32mbuilding client environment for production...[36m[39m
[2K
transforming...Γ£ô 4 modules transformed.
node.exe : [31mΓ£ù[39m 
Build failed in 28ms
At line:1 char:1
+ & "C:\Program 
Files\nodejs/node.exe" 
"C:\Program 
Files\nodejs/node_mo ...
+ ~~~~~~~~~~~~~~~~~~~~~~~~
~~~~~~~~~~~~~~~~~~~~~~~~~~
~~~~~~~~~~~~~~~~~~~
    + CategoryInfo        
      : NotSpecified: (  
  [31mΓ£ù[39m Build fa   
 iled in 28ms:String)     
[], RemoteException
    + FullyQualifiedError 
   Id : NativeCommandErr  
  or
 
[31merror during build:
[31mBuild failed with 1 
error:

[31m[PARSE_ERROR] 
Error:[0m Invalid 
Unicode escape sequence
    [38;5;246mΓò¡[0m[38
;5;246mΓöÇ[0m[38;5;246m[
[0m src/main.js:83:39 
[38;5;246m][0m
    [38;5;246mΓöé[0m
 [38;5;246m83 Γöé[0m 
[38;5;249m 
[0m[38;5;249m 
[0m[38;5;249m 
[0m[38;5;249m 
[0m[38;5;249m 
[0m[38;5;249m 
[0m[38;5;249m 
[0m[38;5;249m 
[0m[38;5;249m 
[0m[38;5;249m 
[0m[38;5;249m 
[0m[38;5;249m [0m[38;5
;249mw[0m[38;5;249me[0m
[38;5;249ml[0m[38;5;249
mc[0m[38;5;249mo[0m[38
;5;249mm[0m[38;5;249me[
0m[38;5;249mM[0m[38;5;2
49mo[0m[38;5;249md[0m[
38;5;249ma[0m[38;5;249ml
[0m[38;5;249m.[0m[38;5
;249mi[0m[38;5;249mn[0m
[38;5;249mn[0m[38;5;249
me[0m[38;5;249mr[0m[38
;5;249mH[0m[38;5;249mT[
0m[38;5;249mM[0m[38;5;2
49mL[0m[38;5;249m [0m[
38;5;249m=[0m[38;5;249m 
[0m[38;5;249m\[0m`
 [38;5;240m   Γöé[0m    
                          
         Γö¼  
 [38;5;240m   Γöé[0m    
                          
         Γò░ΓöÇΓöÇ 
[38;5;246mΓöÇΓöÇΓöÇΓöÇΓò»
[0m
[31m
    at aggregateBindingErr
orsIntoJsError (file:///C:
/Users/Bhavyasri/.gemini/a
ntigravity/brain/999e9dc3-
bbe4-4123-8cdd-84d01c39d71
9/robotic%20bikes%20websit
e/node_modules/rolldown/di
st/shared/error-DL-e8-oE.m
js:48:18)
    at 
unwrapBindingResult (file:
///C:/Users/Bhavyasri/.gem
ini/antigravity/brain/999e
9dc3-bbe4-4123-8cdd-84d01c
39d719/robotic%20bikes%20w
ebsite/node_modules/rolldo
wn/dist/shared/error-DL-e8
-oE.mjs:18:128)
    at #build (file:///C:/
Users/Bhavyasri/.gemini/an
tigravity/brain/999e9dc3-b
be4-4123-8cdd-84d01c39d719
/robotic%20bikes%20website
/node_modules/rolldown/dis
t/shared/rolldown-build-DS
xL8qiP.mjs:3317:34)
    at async 
buildEnvironment (file:///
C:/Users/Bhavyasri/.gemini
/antigravity/brain/999e9dc
3-bbe4-4123-8cdd-84d01c39d
719/robotic%20bikes%20webs
ite/node_modules/vite/dist
/node/chunks/node.js:33018
:64)
    at async Object.build 
(file:///C:/Users/Bhavyasr
i/.gemini/antigravity/brai
n/999e9dc3-bbe4-4123-8cdd-
84d01c39d719/robotic%20bik
es%20website/node_modules/
vite/dist/node/chunks/node
.js:33440:19)
    at async 
Object.buildApp (file:///C
:/Users/Bhavyasri/.gemini/
antigravity/brain/999e9dc3
-bbe4-4123-8cdd-84d01c39d7
19/robotic%20bikes%20websi
te/node_modules/vite/dist/
node/chunks/node.js:33437:
153)
    at async 
CAC.<anonymous> (file:///C
:/Users/Bhavyasri/.gemini/
antigravity/brain/999e9dc3
-bbe4-4123-8cdd-84d01c39d7
19/robotic%20bikes%20websi
te/node_modules/vite/dist/
node/cli.js:778:3) {
  errors: [Getter/Setter]
}[39m
